src/metrics/prometheus-metrics.service.ts(88,29): error TS2339: Property 'getInternalMetrics' does not exist on type 'WorkoutsService'.
src/token/token.service.spec.ts(99,28): error TS2345: Argument of type '{ id: string; email: string; name: string; password: string; supabaseUserId: null; createdAt: Date; updatedAt: Date; weightUnit: "KG"; }' is not assignable to parameter of type '{ id: string; name: string; createdAt: Date; updatedAt: Date; weight: number | null; email: string; supabaseUserId: string | null; password: string | null; lastName: string | null; ... 4 more ...; weightUnit: WeightUnit; } | Prisma__UserClient<...> | null'.
  Type '{ id: string; email: string; name: string; password: string; supabaseUserId: null; createdAt: Date; updatedAt: Date; weightUnit: "KG"; }' is missing the following properties from type '{ id: string; name: string; createdAt: Date; updatedAt: Date; weight: number | null; email: string; supabaseUserId: string | null; password: string | null; lastName: string | null; ... 4 more ...; weightUnit: WeightUnit; }': weight, lastName, avatarUrl, age, and 2 more.
